CVC-300: Loss 0.1579154133796692
CVC-300: mDice 0.8420845866203308

CVC-ClinicDB: Loss 0.15989094972610474
CVC-ClinicDB: mDice 0.8401090502738953

CVC-ColonDB: Loss 0.2504399726265355
CVC-ColonDB: mDice 0.7495600273734645

ETIS-LaribPolypDB: Loss 0.4302392443832086
ETIS-LaribPolypDB: mDice 0.5697607556167914

Kvasir: Loss 0.11418318748474121
Kvasir: mDice 0.8858168125152588

